[n.phpx.cn/index.html]
[backblue.gif]
[fade.gif]
[index.html]
[n.phpx.cn/login.html]
[n.phpx.cn/register.html]
[n.phpx.cn/player_detail03ce.html]
[n.phpx.cn/player_detaildb7c.html]
[n.phpx.cn/player_detaildf69.html]
[n.phpx.cn/player_detailff06.html]
[n.phpx.cn/player_detailf614.html]
[n.phpx.cn/player_detailbca1.html]
[n.phpx.cn/player_detailc007.html]
[n.phpx.cn/player_detail0bf5.html]
[n.phpx.cn/player_detail7762.html]
[n.phpx.cn/player_detailcfb0.html]
[n.phpx.cn/player_detaile4c8.html]
[n.phpx.cn/player_detail0ddb.html]
[n.phpx.cn/player_detail91aa.html]
[n.phpx.cn/player_detail481b.html]
[n.phpx.cn/player_detailf910.html]
[n.phpx.cn/player_detailfd39.html]
[n.phpx.cn/player_detail0466.html]
[n.phpx.cn/player_detail619c.html]
[n.phpx.cn/player_detail160c.html]
[n.phpx.cn/player_detail26e4.html]
[n.phpx.cn/player_detailc448.html]
[n.phpx.cn/player_detail9281.html]
[n.phpx.cn/player_detail1499.html]
[n.phpx.cn/player_detail2628.html]
[n.phpx.cn/player_detailaa54.html]
[n.phpx.cn/player_detail67d3.html]
[n.phpx.cn/player_detail8ae8.html]
[n.phpx.cn/player_detaile682.html]
[n.phpx.cn/player_detail899b.html]
[n.phpx.cn/player_detail14f7.html]
[n.phpx.cn/player_detail0175.html]
[n.phpx.cn/player_detail56b5.html]
[n.phpx.cn/player_detail53e6.html]
[n.phpx.cn/player_detail7bfc.html]
[n.phpx.cn/player_detailf13f.html]
[n.phpx.cn/player_detaile49e.html]
[n.phpx.cn/player_detaile757.html]
[n.phpx.cn/player_detail3c2b.html]
[n.phpx.cn/player_detail9b76.html]
[n.phpx.cn/player_detailbce2.html]
[n.phpx.cn/player_detaila987.html]
[n.phpx.cn/player_detail290f.html]
[n.phpx.cn/player_detail7c00.html]
[n.phpx.cn/player_detaila32c.html]
[n.phpx.cn/player_detail3264.html]
[n.phpx.cn/player_detail224b.html]
[n.phpx.cn/player_detail0a49.html]
[n.phpx.cn/player_detail6cd8.html]
[n.phpx.cn/player_detail4ab7.html]
[n.phpx.cn/player_detail6545.html]
[n.phpx.cn/player_detailb790.html]
[n.phpx.cn/player_detaila176.html]
[n.phpx.cn/player_detail9cfb.html]
[n.phpx.cn/player_detail7632.html]
[n.phpx.cn/player_detail25d9.html]
[n.phpx.cn/player_detail2927.html]
[n.phpx.cn/player_detail6270.html]
[n.phpx.cn/player_detaile8a2.html]
[n.phpx.cn/player_detail1664.html]
[n.phpx.cn/player_detail218d.html]
[n.phpx.cn/player_detailc1f2.html]
[n.phpx.cn/player_detailb6c6.html]
[n.phpx.cn/player_detailee30.html]
[n.phpx.cn/player_detail1f1b.html]
[n.phpx.cn/player_detail979a.html]
[n.phpx.cn/player_detail4c85.html]
[n.phpx.cn/player_detailb606.html]
[n.phpx.cn/player_detailfc53.html]
[n.phpx.cn/player_detaila7bc.html]
[n.phpx.cn/player_detailc7e0.html]
[n.phpx.cn/player_detailb955.html]
[n.phpx.cn/player_detail3093.html]
[n.phpx.cn/player_detail5fde.html]
[n.phpx.cn/player_detail9660.html]
[n.phpx.cn/player_detail3f97.html]
[n.phpx.cn/player_detail5494.html]
[n.phpx.cn/player_detail19a6.html]
[n.phpx.cn/player_detail9b20.html]
[n.phpx.cn/player_detaildf2f.html]
[n.phpx.cn/player_detail3d23.html]
[n.phpx.cn/player_detailcdbc.html]
[n.phpx.cn/player_detail6acf.html]
[n.phpx.cn/player_detail1edd.html]
[n.phpx.cn/player_detailf352.html]
[n.phpx.cn/player_detaila028.html]
[n.phpx.cn/player_detail6c10.html]
[n.phpx.cn/player_detail4342.html]
[n.phpx.cn/player_detail7ff7.html]
[n.phpx.cn/player_detail0709.html]
[n.phpx.cn/player_detail1ef0.html]
[n.phpx.cn/player_detail5769.html]
[n.phpx.cn/player_detaildcba.html]
[n.phpx.cn/player_detail8f84.html]
[n.phpx.cn/player_detail9dd1.html]
[n.phpx.cn/player_detaild5a9.html]
[n.phpx.cn/player_detailc49b.html]
[n.phpx.cn/player_detail8227.html]
[n.phpx.cn/player_detaild658.html]
[n.phpx.cn/player_detaild7ce.html]
[n.phpx.cn/player_detail0c0f.html]
[n.phpx.cn/player_detailb2fc.html]
[n.phpx.cn/player_detail725d.html]
[n.phpx.cn/player_detail6fb5.html]
[n.phpx.cn/player_detailda75.html]
[n.phpx.cn/player_detail13d7.html]
[n.phpx.cn/player_detail62a4.html]
[n.phpx.cn/player_detailc8cf.html]
[n.phpx.cn/player_detail4ced.html]
[n.phpx.cn/player_detaile00e.html]
[n.phpx.cn/player_detailac65.html]
[n.phpx.cn/player_detail5126.html]
[n.phpx.cn/player_detailb32d.html]
[n.phpx.cn/player_detailaeed.html]
[n.phpx.cn/player_detail63db.html]
[n.phpx.cn/player_detaild72f.html]
[n.phpx.cn/player_detail4ea9.html]
[n.phpx.cn/player_detailfecd.html]
[n.phpx.cn/player_detail074a.html]
[n.phpx.cn/player_detail249c.html]
[n.phpx.cn/player_detail97c2.html]
[n.phpx.cn/player_detailaf6a.html]
[n.phpx.cn/player_detail55ec.html]
[n.phpx.cn/player_detail1591.html]
[n.phpx.cn/player_detaild4fb.html]
[n.phpx.cn/player_detaile595.html]
[n.phpx.cn/player_detail3a5b.html]
[n.phpx.cn/player_detail9fca.html]
[n.phpx.cn/player_detailafdd.html]
[n.phpx.cn/player_detail6739.html]
[n.phpx.cn/player_detailf7dd.html]
[n.phpx.cn/player_detail1673.html]
[n.phpx.cn/player_detailf2fa.html]
[n.phpx.cn/player_detail4231.html]
[n.phpx.cn/player_detail002f.html]
[n.phpx.cn/player_detail9218.html]
[n.phpx.cn/player_detailf137.html]
[n.phpx.cn/player_detailb9ae.html]
[n.phpx.cn/player_detailadee.html]
[n.phpx.cn/player_detail5198.html]
[n.phpx.cn/player_detail672a.html]
[n.phpx.cn/player_detail0b67.html]
[n.phpx.cn/player_detail5cb4.html]
[n.phpx.cn/player_detail6333.html]
[n.phpx.cn/player_detail9d07.html]
[n.phpx.cn/player_detaila99f.html]
[n.phpx.cn/player_detail937e.html]
[n.phpx.cn/player_detail8664.html]
[n.phpx.cn/player_detail2177.html]
[n.phpx.cn/player_detail76d4.html]
[n.phpx.cn/player_detailda7d.html]
[n.phpx.cn/player_detail8e8d.html]
[n.phpx.cn/player_detail5ac9.html]
[n.phpx.cn/player_detailf956.html]
[n.phpx.cn/player_detaila2fb.html]
[n.phpx.cn/player_detail1cb0.html]
[n.phpx.cn/player_detail6f3b.html]
[n.phpx.cn/player_detaildd1d.html]
[n.phpx.cn/player_detaila2d9.html]
[n.phpx.cn/player_detail273b.html]
[n.phpx.cn/player_detailf302.html]
[n.phpx.cn/player_detail6021.html]
[n.phpx.cn/player_detailf24c.html]
[n.phpx.cn/player_detail4712.html]
[n.phpx.cn/player_detail7243.html]
[n.phpx.cn/player_detailb832.html]
[n.phpx.cn/player_detail181a.html]
[n.phpx.cn/player_detail64cb.html]
[n.phpx.cn/player_detailb275.html]
[n.phpx.cn/player_detaile7fd.html]
[n.phpx.cn/player_detailcf8b.html]
[n.phpx.cn/player_detaild9b2.html]
[n.phpx.cn/player_detail047d.html]
[n.phpx.cn/player_detail8159.html]
[n.phpx.cn/player_detaild439.html]
[n.phpx.cn/player_detail4ae7.html]
[n.phpx.cn/player_detail611d.html]
[n.phpx.cn/player_detailf05a.html]
[n.phpx.cn/player_detaile817.html]
[n.phpx.cn/player_detail5d05.html]
[n.phpx.cn/player_detail5955.html]
[n.phpx.cn/player_detail3c63.html]
[n.phpx.cn/player_detail516e.html]
[n.phpx.cn/player_detailef67.html]
[n.phpx.cn/player_detailadd0.html]
[n.phpx.cn/player_detail6444.html]
[n.phpx.cn/player_detail836d.html]
[n.phpx.cn/player_detail31a3.html]
[n.phpx.cn/player_detaildbd8.html]
[n.phpx.cn/player_detail0fd6.html]
[n.phpx.cn/player_detailfedb.html]
[n.phpx.cn/player_detail6d56.html]
[n.phpx.cn/player_detail9fa4.html]
[n.phpx.cn/player_detail8122.html]
[n.phpx.cn/player_detaild4cd.html]
[n.phpx.cn/player_detail17d8.html]
[n.phpx.cn/player_detail75f5.html]
[n.phpx.cn/player_detailcda3.html]
[n.phpx.cn/player_detail69b9.html]
[n.phpx.cn/player_detail2ab2.html]
[n.phpx.cn/player_detaile3bf.html]
[n.phpx.cn/player_detail0255.html]
[n.phpx.cn/player_detail1cb4.html]
[n.phpx.cn/player_detail0ac3.html]
[n.phpx.cn/player_detail4484.html]
[n.phpx.cn/player_detail2298.html]
[n.phpx.cn/player_detail9424.html]
[n.phpx.cn/player_detail5e4c.html]
[n.phpx.cn/player_detail9e18.html]
[n.phpx.cn/player_detaile734.html]
[n.phpx.cn/player_detail6255.html]
[n.phpx.cn/player_detailac92.html]
[n.phpx.cn/player_detail2c6e.html]
[n.phpx.cn/player_detail1dd8.html]
[n.phpx.cn/player_detail7d4c.html]
[n.phpx.cn/player_detailf0af.html]
[n.phpx.cn/player_detail9780.html]
[n.phpx.cn/player_detail0bd8.html]
[n.phpx.cn/player_detail7295.html]
[n.phpx.cn/player_detail52c6.html]
[n.phpx.cn/player_detailc476.html]
[n.phpx.cn/player_detailcda9.html]
[n.phpx.cn/player_detail8d38.html]
[n.phpx.cn/player_detail1c7d.html]
[n.phpx.cn/player_detaila7e6.html]
[n.phpx.cn/player_detail1e09.html]
[n.phpx.cn/player_detaile127.html]
[n.phpx.cn/player_detailce51.html]
[n.phpx.cn/player_detaild9e6.html]
[n.phpx.cn/player_detailc72e.html]
[n.phpx.cn/player_detailc26f.html]
[n.phpx.cn/player_detailb53a.html]
[n.phpx.cn/player_detail5e92.html]
[n.phpx.cn/player_detailfe58.html]
[n.phpx.cn/player_detail18e1.html]
[n.phpx.cn/player_detail88ef.html]
[n.phpx.cn/player_detail79d1.html]
[n.phpx.cn/player_detail1328.html]
[n.phpx.cn/player_detail714f.html]
[n.phpx.cn/player_detail219b.html]
[n.phpx.cn/player_detail2728.html]
[n.phpx.cn/player_detail5952.html]
[n.phpx.cn/player_detail1ec3.html]
[n.phpx.cn/player_detail9f51.html]
[n.phpx.cn/player_detailfec1.html]
[n.phpx.cn/player_detail092f.html]
[n.phpx.cn/player_detaildfea.html]
[n.phpx.cn/player_detailea54.html]
[n.phpx.cn/player_detaile84a.html]
[n.phpx.cn/player_detailcd49.html]
[n.phpx.cn/player_detailc3cd.html]
[n.phpx.cn/player_detailab71.html]
[n.phpx.cn/player_detail28db.html]
[n.phpx.cn/player_detail2253.html]
[n.phpx.cn/player_detail9684.html]
[n.phpx.cn/player_detailde63.html]
[n.phpx.cn/player_detaile52c.html]
[n.phpx.cn/player_detail07d8.html]
[n.phpx.cn/player_detail15e7.html]
[n.phpx.cn/player_detail7b46.html]
[n.phpx.cn/player_detailea14.html]
[n.phpx.cn/player_detail3bce.html]
[n.phpx.cn/player_detaile6fc.html]
[n.phpx.cn/player_detail8e8b.html]
[n.phpx.cn/player_detail7d36.html]
[n.phpx.cn/player_detaile80e.html]
[n.phpx.cn/player_detailbfa2.html]
[n.phpx.cn/player_detailf23a.html]
[n.phpx.cn/player_detail135d.html]
[n.phpx.cn/player_detail8231.html]
[n.phpx.cn/player_detaila14e.html]
[n.phpx.cn/player_detail472a.html]
[n.phpx.cn/player_detailf8fd.html]
[n.phpx.cn/player_detail4abc.html]
[n.phpx.cn/player_detail2b7a.html]
[n.phpx.cn/player_detail3534.html]
[n.phpx.cn/player_detaila759.html]
[n.phpx.cn/player_detail55a7.html]
[n.phpx.cn/player_detail0e73.html]
[n.phpx.cn/player_detaile76b.html]
[n.phpx.cn/player_detail61b5.html]
[n.phpx.cn/player_detailf476.html]
[n.phpx.cn/player_detaile4a1.html]
[n.phpx.cn/player_detailb3e5.html]
[n.phpx.cn/player_detail4f16.html]
[n.phpx.cn/player_detail04da.html]
[n.phpx.cn/player_detaile1e1.html]
[n.phpx.cn/player_detailc0ee.html]
[n.phpx.cn/player_detail878c.html]
[n.phpx.cn/player_detaild301.html]
[n.phpx.cn/player_detailec52.html]
[n.phpx.cn/player_detaildf8d.html]
[n.phpx.cn/player_detail094f.html]
[n.phpx.cn/player_detailef02.html]
[n.phpx.cn/player_detaila306.html]
[n.phpx.cn/player_detail5097.html]
[n.phpx.cn/player_detailfff9.html]
[n.phpx.cn/player_detail65e0.html]
[n.phpx.cn/player_detail7bb2.html]
[n.phpx.cn/player_detail8541.html]
[n.phpx.cn/player_detailb1be.html]
[n.phpx.cn/player_detail7020.html]
[n.phpx.cn/player_detail1933.html]
[n.phpx.cn/player_detail48d7.html]
[n.phpx.cn/player_detail7417.html]
[n.phpx.cn/player_detail60ab.html]
[n.phpx.cn/player_detail9e55.html]
[n.phpx.cn/player_detail335b.html]
[n.phpx.cn/player_detaila54e.html]
[n.phpx.cn/player_detailcc31.html]
[n.phpx.cn/player_detail46d6.html]
[n.phpx.cn/player_detail2338.html]
[n.phpx.cn/player_detailb6d8.html]
[n.phpx.cn/player_detail41c3.html]
[n.phpx.cn/player_detailfc6e.html]
[n.phpx.cn/player_detaila8bb.html]
[n.phpx.cn/player_detaila993.html]
[n.phpx.cn/player_detail5219.html]
[n.phpx.cn/player_detail65f5.html]
[n.phpx.cn/player_detail9a9a.html]
[n.phpx.cn/player_detaile298.html]
[n.phpx.cn/player_detail963a.html]
[n.phpx.cn/player_detail4fc5.html]
[n.phpx.cn/player_detailc99b.html]
[n.phpx.cn/player_detail7423.html]
[n.phpx.cn/player_detail9c62.html]
[n.phpx.cn/player_detailf68d.html]
[n.phpx.cn/player_detaile5c9.html]
[n.phpx.cn/player_detail0833.html]
[n.phpx.cn/player_detailfff0.html]
[n.phpx.cn/player_detailb5fd.html]
[n.phpx.cn/player_detailbf72.html]
[n.phpx.cn/player_detail7be1.html]
[n.phpx.cn/player_detail8784.html]
[n.phpx.cn/player_detail6577.html]
[n.phpx.cn/player_detail9a46.html]
[n.phpx.cn/player_detaileb8b.html]
[n.phpx.cn/player_detail2298-2.html]
[n.phpx.cn/player_detail0f76.html]
[n.phpx.cn/player_detaildf88.html]
[n.phpx.cn/player_detail407f.html]
[n.phpx.cn/player_detail8c3e.html]
[n.phpx.cn/player_detail23cd.html]
[n.phpx.cn/player_detailcb6e.html]
[n.phpx.cn/player_detail212f.html]
[n.phpx.cn/player_detailcb88.html]
[n.phpx.cn/player_detail5bfa.html]
[n.phpx.cn/player_detaile440.html]
[n.phpx.cn/player_detail636d.html]
[n.phpx.cn/player_detail1e0f.html]
[n.phpx.cn/player_detail2b63.html]
[n.phpx.cn/player_detailfab1.html]
[n.phpx.cn/player_detailc82f.html]
[n.phpx.cn/player_detail1817.html]
[n.phpx.cn/player_detail1263.html]
[n.phpx.cn/player_detaileda6.html]
[n.phpx.cn/player_detail4735.html]
[n.phpx.cn/player_detailf73e.html]
[n.phpx.cn/player_detail8388.html]
[n.phpx.cn/player_detail9e7e.html]
[n.phpx.cn/player_detaild681.html]
[n.phpx.cn/player_detaildb86.html]
[n.phpx.cn/player_detaild1df.html]
[n.phpx.cn/player_detaild722.html]
[n.phpx.cn/player_detail8825.html]
[n.phpx.cn/player_detail2d49.html]
[n.phpx.cn/player_detail9b9b.html]
[n.phpx.cn/player_detail4010.html]
[n.phpx.cn/player_detail0d12.html]
[n.phpx.cn/player_detail70e1.html]
[n.phpx.cn/player_detail869b.html]
[n.phpx.cn/player_detail9414.html]
[n.phpx.cn/player_detail93fa.html]
[n.phpx.cn/player_detail98a6.html]
[n.phpx.cn/player_detaila859.html]
[n.phpx.cn/player_detail236e.html]
[n.phpx.cn/player_detailbc35.html]
[n.phpx.cn/player_detail26eb.html]
[n.phpx.cn/player_detail9e1a.html]
[n.phpx.cn/player_detail10ae.html]
[n.phpx.cn/player_detaile446.html]
[n.phpx.cn/player_detail76de.html]
[n.phpx.cn/player_detail58f1.html]
[n.phpx.cn/player_detail9672.html]
[n.phpx.cn/player_detail892d.html]
[n.phpx.cn/player_detail5d69.html]
[n.phpx.cn/player_detaila6e3.html]
[n.phpx.cn/player_detailf6d2.html]
[n.phpx.cn/player_detail3a9e.html]
[n.phpx.cn/player_detail02b0.html]
[n.phpx.cn/player_detail1f5c.html]
[n.phpx.cn/player_detail346d.html]
[n.phpx.cn/player_detail40fc.html]
[n.phpx.cn/player_detailc74c.html]
[n.phpx.cn/player_detail9cf4.html]
[n.phpx.cn/player_detaild35e.html]
[n.phpx.cn/player_detailcfa8.html]
[n.phpx.cn/player_detail5fd0.html]
[n.phpx.cn/player_detail8202.html]
[n.phpx.cn/player_detailafbc.html]
[n.phpx.cn/player_detail3093-2.html]
[n.phpx.cn/player_detail8d89.html]
[n.phpx.cn/player_detailaadf.html]
[n.phpx.cn/player_detail5fd2.html]
[n.phpx.cn/player_detail2ff7.html]
[n.phpx.cn/player_detailce13.html]
[n.phpx.cn/player_detaile18e.html]
[n.phpx.cn/player_detail517b.html]
[n.phpx.cn/player_detail9fac.html]
[n.phpx.cn/player_detaila1ba.html]
[n.phpx.cn/player_detailf86a.html]
[n.phpx.cn/player_detaildf39.html]
[n.phpx.cn/player_detail3d46.html]
[n.phpx.cn/player_detailad9c.html]
[n.phpx.cn/player_detail66a3.html]
[n.phpx.cn/player_detailce6b.html]
[n.phpx.cn/player_detailada7.html]
[n.phpx.cn/player_detaild3b4.html]
[n.phpx.cn/player_detailc066.html]
[n.phpx.cn/player_detailc15f.html]
[n.phpx.cn/player_detail3a6f.html]
[n.phpx.cn/player_detail0f14.html]
[n.phpx.cn/player_detail2fc5.html]
[n.phpx.cn/player_detail54f6.html]
[n.phpx.cn/player_detail0424.html]
[n.phpx.cn/player_detailf5aa.html]
[n.phpx.cn/player_detail772d.html]
[n.phpx.cn/player_detaile45b.html]
[n.phpx.cn/player_detail00b2.html]
[n.phpx.cn/player_detail190a.html]
[n.phpx.cn/player_detail7034.html]
[n.phpx.cn/player_detail35b7.html]
[n.phpx.cn/player_detailaefc.html]
[n.phpx.cn/player_detail4d35.html]
[n.phpx.cn/player_detail9748.html]
[n.phpx.cn/player_detail0ca5.html]
[n.phpx.cn/player_detail1696.html]
[n.phpx.cn/player_detail7c59.html]
[n.phpx.cn/player_detail5869.html]
[n.phpx.cn/player_detail0036.html]
[n.phpx.cn/player_detail7738.html]
[n.phpx.cn/player_detail1b75.html]
[n.phpx.cn/player_detail4c30.html]
[n.phpx.cn/player_detailbf68.html]
[n.phpx.cn/player_detailbccb.html]
[n.phpx.cn/player_detail7237.html]
[n.phpx.cn/player_detail29c9.html]
[n.phpx.cn/player_detail740d.html]
[n.phpx.cn/player_detaildaf9.html]
[n.phpx.cn/player_detaila131.html]
[n.phpx.cn/player_detail5e3d.html]
[n.phpx.cn/player_detail16e3.html]
[n.phpx.cn/player_detail46c7.html]
[n.phpx.cn/player_detailc9c3.html]
[n.phpx.cn/player_detaild717.html]
[n.phpx.cn/player_detail833a.html]
[n.phpx.cn/player_detail25b0.html]
[n.phpx.cn/player_detail133f.html]
[n.phpx.cn/player_detail11cc.html]
[n.phpx.cn/player_detail2c5f.html]
[n.phpx.cn/player_detaila79f.html]
[n.phpx.cn/player_detail35b4.html]
[n.phpx.cn/player_detail4676.html]
[n.phpx.cn/player_detail338c.html]
[n.phpx.cn/player_detail8f8f.html]
[n.phpx.cn/player_detail8044.html]
[n.phpx.cn/player_detaildf84.html]
[n.phpx.cn/player_detailf18a.html]
[n.phpx.cn/player_detaile546.html]
[n.phpx.cn/player_detail5114.html]
[n.phpx.cn/player_detail4387.html]
[n.phpx.cn/player_detail009b.html]
[n.phpx.cn/player_detail60a1.html]
[n.phpx.cn/player_detaild343.html]
[n.phpx.cn/player_detail74be.html]
[n.phpx.cn/player_detail2c07.html]
[n.phpx.cn/player_detailea94.html]
[n.phpx.cn/player_detaile426.html]
[n.phpx.cn/player_detail7408.html]
[n.phpx.cn/player_detail2f85.html]
[n.phpx.cn/player_detail1993.html]
[n.phpx.cn/player_detaildb22.html]
[n.phpx.cn/player_detaile44c.html]
[n.phpx.cn/player_detail06c2.html]
[n.phpx.cn/player_detail8e6a.html]
[n.phpx.cn/player_detail7466.html]
[n.phpx.cn/player_detaild481.html]
[n.phpx.cn/player_detaile442.html]
[n.phpx.cn/player_detailcd30.html]
[n.phpx.cn/player_detailbbe9.html]
[n.phpx.cn/player_detailfc2f.html]
[n.phpx.cn/player_detail49ce.html]
[n.phpx.cn/player_detail0a9c.html]
[n.phpx.cn/player_detaild3db.html]
[n.phpx.cn/player_detail91f4.html]
[n.phpx.cn/player_detail81e6.html]
[n.phpx.cn/player_detail3fed.html]
[n.phpx.cn/player_detail9609.html]
[n.phpx.cn/player_detail994b.html]
[n.phpx.cn/player_detail0a72.html]
[n.phpx.cn/player_detail1bdb.html]
[n.phpx.cn/api/check_game_accounts.json]
[n.phpx.cn/index-2.html]
[n.phpx.cn/blacklist.html]
[n.phpx.cn/index.html]
[n.phpx.cn/shop.html]
[n.phpx.cn/videos/index.html]
[n.phpx.cn/css/common.css]
[n.phpx.cn/login.html]
[n.phpx.cn/register.html]
[n.phpx.cn/player_detail03ce.html]
[n.phpx.cn/player_detaildb7c.html]
[n.phpx.cn/player_detaildf69.html]
[n.phpx.cn/player_detailff06.html]
[n.phpx.cn/player_detailf614.html]
[n.phpx.cn/player_detailbca1.html]
[n.phpx.cn/player_detailc007.html]
[n.phpx.cn/player_detail0bf5.html]
[n.phpx.cn/player_detail7762.html]
[n.phpx.cn/player_detailcfb0.html]
[n.phpx.cn/player_detaile4c8.html]
[n.phpx.cn/player_detail0ddb.html]
[n.phpx.cn/player_detail91aa.html]
[n.phpx.cn/player_detail481b.html]
[n.phpx.cn/player_detailf910.html]
[n.phpx.cn/player_detailfd39.html]
[n.phpx.cn/player_detail0466.html]
[n.phpx.cn/player_detail619c.html]
[n.phpx.cn/player_detail160c.html]
[n.phpx.cn/player_detail26e4.html]
[n.phpx.cn/player_detailc448.html]
[n.phpx.cn/player_detail9281.html]
[n.phpx.cn/player_detail1499.html]
[n.phpx.cn/player_detail2628.html]
[n.phpx.cn/player_detailaa54.html]
[n.phpx.cn/player_detail67d3.html]
[n.phpx.cn/player_detail8ae8.html]
[n.phpx.cn/player_detaile682.html]
[n.phpx.cn/player_detail899b.html]
[n.phpx.cn/player_detail14f7.html]
[n.phpx.cn/player_detail0175.html]
[n.phpx.cn/player_detail56b5.html]
[n.phpx.cn/player_detail53e6.html]
[n.phpx.cn/player_detail7bfc.html]
[n.phpx.cn/player_detailf13f.html]
[n.phpx.cn/player_detaile49e.html]
[n.phpx.cn/player_detaile757.html]
[n.phpx.cn/player_detail3c2b.html]
[n.phpx.cn/player_detail9b76.html]
[n.phpx.cn/player_detailbce2.html]
[n.phpx.cn/player_detaila987.html]
[n.phpx.cn/player_detail290f.html]
[n.phpx.cn/player_detail7c00.html]
[n.phpx.cn/player_detaila32c.html]
[n.phpx.cn/player_detail3264.html]
[n.phpx.cn/player_detail224b.html]
[n.phpx.cn/player_detail0a49.html]
[n.phpx.cn/player_detail6cd8.html]
[n.phpx.cn/player_detail4ab7.html]
[n.phpx.cn/player_detail6545.html]
[n.phpx.cn/player_detailb790.html]
[n.phpx.cn/player_detaila176.html]
[n.phpx.cn/player_detail9cfb.html]
[n.phpx.cn/player_detail7632.html]
[n.phpx.cn/player_detail25d9.html]
[n.phpx.cn/player_detail2927.html]
[n.phpx.cn/player_detail6270.html]
[n.phpx.cn/player_detaile8a2.html]
[n.phpx.cn/player_detail1664.html]
[n.phpx.cn/player_detail218d.html]
[n.phpx.cn/player_detailc1f2.html]
[n.phpx.cn/player_detailb6c6.html]
[n.phpx.cn/player_detailee30.html]
[n.phpx.cn/player_detail1f1b.html]
[n.phpx.cn/player_detail979a.html]
[n.phpx.cn/player_detail4c85.html]
[n.phpx.cn/player_detailb606.html]
[n.phpx.cn/player_detailfc53.html]
[n.phpx.cn/player_detaila7bc.html]
[n.phpx.cn/player_detailc7e0.html]
[n.phpx.cn/player_detailb955.html]
[n.phpx.cn/player_detail3093.html]
[n.phpx.cn/player_detail5fde.html]
[n.phpx.cn/player_detail9660.html]
[n.phpx.cn/player_detail3f97.html]
[n.phpx.cn/player_detail5494.html]
[n.phpx.cn/player_detail19a6.html]
[n.phpx.cn/player_detail9b20.html]
[n.phpx.cn/player_detaildf2f.html]
[n.phpx.cn/player_detail3d23.html]
[n.phpx.cn/player_detailcdbc.html]
[n.phpx.cn/player_detail6acf.html]
[n.phpx.cn/player_detail1edd.html]
[n.phpx.cn/player_detailf352.html]
[n.phpx.cn/player_detaila028.html]
[n.phpx.cn/player_detail6c10.html]
[n.phpx.cn/player_detail4342.html]
[n.phpx.cn/player_detail7ff7.html]
[n.phpx.cn/player_detail0709.html]
[n.phpx.cn/player_detail1ef0.html]
[n.phpx.cn/player_detail5769.html]
[n.phpx.cn/player_detaildcba.html]
[n.phpx.cn/player_detail8f84.html]
[n.phpx.cn/player_detail9dd1.html]
[n.phpx.cn/player_detaild5a9.html]
[n.phpx.cn/player_detailc49b.html]
[n.phpx.cn/player_detail8227.html]
[n.phpx.cn/player_detaild658.html]
[n.phpx.cn/player_detaild7ce.html]
[n.phpx.cn/player_detail0c0f.html]
[n.phpx.cn/player_detailb2fc.html]
[n.phpx.cn/player_detail725d.html]
[n.phpx.cn/player_detail6fb5.html]
[n.phpx.cn/player_detailda75.html]
[n.phpx.cn/player_detail13d7.html]
[n.phpx.cn/player_detail62a4.html]
[n.phpx.cn/player_detailc8cf.html]
[n.phpx.cn/player_detail4ced.html]
[n.phpx.cn/player_detaile00e.html]
[n.phpx.cn/player_detailac65.html]
[n.phpx.cn/player_detail5126.html]
[n.phpx.cn/player_detailb32d.html]
[n.phpx.cn/player_detailaeed.html]
[n.phpx.cn/player_detail63db.html]
[n.phpx.cn/player_detaild72f.html]
[n.phpx.cn/player_detail4ea9.html]
[n.phpx.cn/player_detailfecd.html]
[n.phpx.cn/player_detail074a.html]
[n.phpx.cn/player_detail249c.html]
[n.phpx.cn/player_detail97c2.html]
[n.phpx.cn/player_detailaf6a.html]
[n.phpx.cn/player_detail55ec.html]
[n.phpx.cn/player_detail1591.html]
[n.phpx.cn/player_detaild4fb.html]
[n.phpx.cn/player_detaile595.html]
[n.phpx.cn/player_detail3a5b.html]
[n.phpx.cn/player_detail9fca.html]
[n.phpx.cn/player_detailafdd.html]
[n.phpx.cn/player_detail6739.html]
[n.phpx.cn/player_detailf7dd.html]
[n.phpx.cn/player_detail1673.html]
[n.phpx.cn/player_detailf2fa.html]
[n.phpx.cn/player_detail4231.html]
[n.phpx.cn/player_detail002f.html]
[n.phpx.cn/player_detail9218.html]
[n.phpx.cn/player_detailf137.html]
[n.phpx.cn/player_detailb9ae.html]
[n.phpx.cn/player_detailadee.html]
[n.phpx.cn/player_detail5198.html]
[n.phpx.cn/player_detail672a.html]
[n.phpx.cn/player_detail0b67.html]
[n.phpx.cn/player_detail5cb4.html]
[n.phpx.cn/player_detail6333.html]
[n.phpx.cn/player_detail9d07.html]
[n.phpx.cn/player_detaila99f.html]
[n.phpx.cn/player_detail937e.html]
[n.phpx.cn/player_detail8664.html]
[n.phpx.cn/player_detail2177.html]
[n.phpx.cn/player_detail76d4.html]
[n.phpx.cn/player_detailda7d.html]
[n.phpx.cn/player_detail8e8d.html]
[n.phpx.cn/player_detail5ac9.html]
[n.phpx.cn/player_detailf956.html]
[n.phpx.cn/player_detaila2fb.html]
[n.phpx.cn/player_detail1cb0.html]
[n.phpx.cn/player_detail6f3b.html]
[n.phpx.cn/player_detaildd1d.html]
[n.phpx.cn/player_detaila2d9.html]
[n.phpx.cn/player_detail273b.html]
[n.phpx.cn/player_detailf302.html]
[n.phpx.cn/player_detail6021.html]
[n.phpx.cn/player_detailf24c.html]
[n.phpx.cn/player_detail4712.html]
[n.phpx.cn/player_detail7243.html]
[n.phpx.cn/player_detailb832.html]
[n.phpx.cn/player_detail181a.html]
[n.phpx.cn/player_detail64cb.html]
[n.phpx.cn/player_detailb275.html]
[n.phpx.cn/player_detaile7fd.html]
[n.phpx.cn/player_detailcf8b.html]
[n.phpx.cn/player_detaild9b2.html]
[n.phpx.cn/player_detail047d.html]
[n.phpx.cn/player_detail8159.html]
[n.phpx.cn/player_detaild439.html]
[n.phpx.cn/player_detail4ae7.html]
[n.phpx.cn/player_detail611d.html]
[n.phpx.cn/player_detailf05a.html]
[n.phpx.cn/player_detaile817.html]
[n.phpx.cn/player_detail5d05.html]
[n.phpx.cn/player_detail5955.html]
[n.phpx.cn/player_detail3c63.html]
[n.phpx.cn/player_detail516e.html]
[n.phpx.cn/player_detailef67.html]
[n.phpx.cn/player_detailadd0.html]
[n.phpx.cn/player_detail6444.html]
[n.phpx.cn/player_detail836d.html]
[n.phpx.cn/player_detail31a3.html]
[n.phpx.cn/player_detaildbd8.html]
[n.phpx.cn/player_detail0fd6.html]
[n.phpx.cn/player_detailfedb.html]
[n.phpx.cn/player_detail6d56.html]
[n.phpx.cn/player_detail9fa4.html]
[n.phpx.cn/player_detail8122.html]
[n.phpx.cn/player_detaild4cd.html]
[n.phpx.cn/player_detail17d8.html]
[n.phpx.cn/player_detail75f5.html]
[n.phpx.cn/player_detailcda3.html]
[n.phpx.cn/player_detail69b9.html]
[n.phpx.cn/player_detail2ab2.html]
[n.phpx.cn/player_detaile3bf.html]
[n.phpx.cn/player_detail0255.html]
[n.phpx.cn/player_detail1cb4.html]
[n.phpx.cn/player_detail0ac3.html]
[n.phpx.cn/player_detail4484.html]
[n.phpx.cn/player_detail2298.html]
[n.phpx.cn/player_detail9424.html]
[n.phpx.cn/player_detail5e4c.html]
[n.phpx.cn/player_detail9e18.html]
[n.phpx.cn/player_detaile734.html]
[n.phpx.cn/player_detail6255.html]
[n.phpx.cn/player_detailac92.html]
[n.phpx.cn/player_detail2c6e.html]
[n.phpx.cn/player_detail1dd8.html]
[n.phpx.cn/player_detail7d4c.html]
[n.phpx.cn/player_detailf0af.html]
[n.phpx.cn/player_detail9780.html]
[n.phpx.cn/player_detail0bd8.html]
[n.phpx.cn/player_detail7295.html]
[n.phpx.cn/player_detail52c6.html]
[n.phpx.cn/player_detailc476.html]
[n.phpx.cn/player_detailcda9.html]
[n.phpx.cn/player_detail8d38.html]
[n.phpx.cn/player_detail1c7d.html]
[n.phpx.cn/player_detaila7e6.html]
[n.phpx.cn/player_detail1e09.html]
[n.phpx.cn/player_detaile127.html]
[n.phpx.cn/player_detailce51.html]
[n.phpx.cn/player_detaild9e6.html]
[n.phpx.cn/player_detailc72e.html]
[n.phpx.cn/player_detailc26f.html]
[n.phpx.cn/player_detailb53a.html]
[n.phpx.cn/player_detail5e92.html]
[n.phpx.cn/player_detailfe58.html]
[n.phpx.cn/player_detail18e1.html]
[n.phpx.cn/player_detail88ef.html]
[n.phpx.cn/player_detail79d1.html]
[n.phpx.cn/player_detail1328.html]
[n.phpx.cn/player_detail714f.html]
[n.phpx.cn/player_detail219b.html]
[n.phpx.cn/player_detail2728.html]
[n.phpx.cn/player_detail5952.html]
[n.phpx.cn/player_detail1ec3.html]
[n.phpx.cn/player_detail9f51.html]
[n.phpx.cn/player_detailfec1.html]
[n.phpx.cn/player_detail092f.html]
[n.phpx.cn/player_detaildfea.html]
[n.phpx.cn/player_detailea54.html]
[n.phpx.cn/player_detaile84a.html]
[n.phpx.cn/player_detailcd49.html]
[n.phpx.cn/player_detailc3cd.html]
[n.phpx.cn/player_detailab71.html]
[n.phpx.cn/player_detail28db.html]
[n.phpx.cn/player_detail2253.html]
[n.phpx.cn/player_detail9684.html]
[n.phpx.cn/player_detailde63.html]
[n.phpx.cn/player_detaile52c.html]
[n.phpx.cn/player_detail07d8.html]
[n.phpx.cn/player_detail15e7.html]
[n.phpx.cn/player_detail7b46.html]
[n.phpx.cn/player_detailea14.html]
[n.phpx.cn/player_detail3bce.html]
[n.phpx.cn/player_detaile6fc.html]
[n.phpx.cn/player_detail8e8b.html]
[n.phpx.cn/player_detail7d36.html]
[n.phpx.cn/player_detaile80e.html]
[n.phpx.cn/player_detailbfa2.html]
[n.phpx.cn/player_detailf23a.html]
[n.phpx.cn/player_detail135d.html]
[n.phpx.cn/player_detail8231.html]
[n.phpx.cn/player_detaila14e.html]
[n.phpx.cn/player_detail472a.html]
[n.phpx.cn/player_detailf8fd.html]
[n.phpx.cn/player_detail4abc.html]
[n.phpx.cn/player_detail2b7a.html]
[n.phpx.cn/player_detail3534.html]
[n.phpx.cn/player_detaila759.html]
[n.phpx.cn/player_detail55a7.html]
[n.phpx.cn/player_detail0e73.html]
[n.phpx.cn/player_detaile76b.html]
[n.phpx.cn/player_detail61b5.html]
[n.phpx.cn/player_detailf476.html]
[n.phpx.cn/player_detaile4a1.html]
[n.phpx.cn/player_detailb3e5.html]
[n.phpx.cn/player_detail4f16.html]
[n.phpx.cn/player_detail04da.html]
[n.phpx.cn/player_detaile1e1.html]
[n.phpx.cn/player_detailc0ee.html]
[n.phpx.cn/player_detail878c.html]
[n.phpx.cn/player_detaild301.html]
[n.phpx.cn/player_detailec52.html]
[n.phpx.cn/player_detaildf8d.html]
[n.phpx.cn/player_detail094f.html]
[n.phpx.cn/player_detailef02.html]
[n.phpx.cn/player_detaila306.html]
[n.phpx.cn/player_detail5097.html]
[n.phpx.cn/player_detailfff9.html]
[n.phpx.cn/player_detail65e0.html]
[n.phpx.cn/player_detail7bb2.html]
[n.phpx.cn/player_detail8541.html]
[n.phpx.cn/player_detailb1be.html]
[n.phpx.cn/player_detail7020.html]
[n.phpx.cn/player_detail1933.html]
[n.phpx.cn/player_detail48d7.html]
[n.phpx.cn/player_detail7417.html]
[n.phpx.cn/player_detail60ab.html]
[n.phpx.cn/player_detail9e55.html]
[n.phpx.cn/player_detail335b.html]
[n.phpx.cn/player_detaila54e.html]
[n.phpx.cn/player_detailcc31.html]
[n.phpx.cn/player_detail46d6.html]
[n.phpx.cn/player_detail2338.html]
[n.phpx.cn/player_detailb6d8.html]
[n.phpx.cn/player_detail41c3.html]
[n.phpx.cn/player_detailfc6e.html]
[n.phpx.cn/player_detaila8bb.html]
[n.phpx.cn/player_detaila993.html]
[n.phpx.cn/player_detail5219.html]
[n.phpx.cn/player_detail65f5.html]
[n.phpx.cn/player_detail9a9a.html]
[n.phpx.cn/player_detaile298.html]
[n.phpx.cn/player_detail963a.html]
[n.phpx.cn/player_detail4fc5.html]
[n.phpx.cn/player_detailc99b.html]
[n.phpx.cn/player_detail7423.html]
[n.phpx.cn/player_detail9c62.html]
[n.phpx.cn/player_detailf68d.html]
[n.phpx.cn/player_detaile5c9.html]
[n.phpx.cn/player_detail0833.html]
[n.phpx.cn/player_detailfff0.html]
[n.phpx.cn/player_detailb5fd.html]
[n.phpx.cn/player_detailbf72.html]
[n.phpx.cn/player_detail7be1.html]
[n.phpx.cn/player_detail8784.html]
[n.phpx.cn/player_detail6577.html]
[n.phpx.cn/player_detail9a46.html]
[n.phpx.cn/player_detaileb8b.html]
[n.phpx.cn/player_detail2298-2.html]
[n.phpx.cn/player_detail0f76.html]
[n.phpx.cn/player_detaildf88.html]
[n.phpx.cn/player_detail407f.html]
[n.phpx.cn/player_detail8c3e.html]
[n.phpx.cn/player_detail23cd.html]
[n.phpx.cn/player_detailcb6e.html]
[n.phpx.cn/player_detail212f.html]
[n.phpx.cn/player_detailcb88.html]
[n.phpx.cn/player_detail5bfa.html]
[n.phpx.cn/player_detaile440.html]
[n.phpx.cn/player_detail636d.html]
[n.phpx.cn/player_detail1e0f.html]
[n.phpx.cn/player_detail2b63.html]
[n.phpx.cn/player_detailfab1.html]
[n.phpx.cn/player_detailc82f.html]
[n.phpx.cn/player_detail1817.html]
[n.phpx.cn/player_detail1263.html]
[n.phpx.cn/player_detaileda6.html]
[n.phpx.cn/player_detail4735.html]
[n.phpx.cn/player_detailf73e.html]
[n.phpx.cn/player_detail8388.html]
[n.phpx.cn/player_detail9e7e.html]
[n.phpx.cn/player_detaild681.html]
[n.phpx.cn/player_detaildb86.html]
[n.phpx.cn/player_detaild1df.html]
[n.phpx.cn/player_detaild722.html]
[n.phpx.cn/player_detail8825.html]
[n.phpx.cn/player_detail2d49.html]
[n.phpx.cn/player_detail9b9b.html]
[n.phpx.cn/player_detail4010.html]
[n.phpx.cn/player_detail0d12.html]
[n.phpx.cn/player_detail70e1.html]
[n.phpx.cn/player_detail869b.html]
[n.phpx.cn/player_detail9414.html]
[n.phpx.cn/player_detail93fa.html]
[n.phpx.cn/player_detail98a6.html]
[n.phpx.cn/player_detaila859.html]
[n.phpx.cn/player_detail236e.html]
[n.phpx.cn/player_detailbc35.html]
[n.phpx.cn/player_detail26eb.html]
[n.phpx.cn/player_detail9e1a.html]
[n.phpx.cn/player_detail10ae.html]
[n.phpx.cn/player_detaile446.html]
[n.phpx.cn/player_detail76de.html]
[n.phpx.cn/player_detail58f1.html]
[n.phpx.cn/player_detail9672.html]
[n.phpx.cn/player_detail892d.html]
[n.phpx.cn/player_detail5d69.html]
[n.phpx.cn/player_detaila6e3.html]
[n.phpx.cn/player_detailf6d2.html]
[n.phpx.cn/player_detail3a9e.html]
[n.phpx.cn/player_detail02b0.html]
[n.phpx.cn/player_detail1f5c.html]
[n.phpx.cn/player_detail346d.html]
[n.phpx.cn/player_detail40fc.html]
[n.phpx.cn/player_detailc74c.html]
[n.phpx.cn/player_detail9cf4.html]
[n.phpx.cn/player_detaild35e.html]
[n.phpx.cn/player_detailcfa8.html]
[n.phpx.cn/player_detail5fd0.html]
[n.phpx.cn/player_detail8202.html]
[n.phpx.cn/player_detailafbc.html]
[n.phpx.cn/player_detail3093-2.html]
[n.phpx.cn/player_detail8d89.html]
[n.phpx.cn/player_detailaadf.html]
[n.phpx.cn/player_detail5fd2.html]
[n.phpx.cn/player_detail2ff7.html]
[n.phpx.cn/player_detailce13.html]
[n.phpx.cn/player_detaile18e.html]
[n.phpx.cn/player_detail517b.html]
[n.phpx.cn/player_detail9fac.html]
[n.phpx.cn/player_detaila1ba.html]
[n.phpx.cn/player_detailf86a.html]
[n.phpx.cn/player_detaildf39.html]
[n.phpx.cn/player_detail3d46.html]
[n.phpx.cn/player_detailad9c.html]
[n.phpx.cn/player_detail66a3.html]
[n.phpx.cn/player_detailce6b.html]
[n.phpx.cn/player_detailada7.html]
[n.phpx.cn/player_detaild3b4.html]
[n.phpx.cn/player_detailc066.html]
[n.phpx.cn/player_detailc15f.html]
[n.phpx.cn/player_detail3a6f.html]
[n.phpx.cn/player_detail0f14.html]
[n.phpx.cn/player_detail2fc5.html]
[n.phpx.cn/player_detail54f6.html]
[n.phpx.cn/player_detail0424.html]
[n.phpx.cn/player_detailf5aa.html]
[n.phpx.cn/player_detail772d.html]
[n.phpx.cn/player_detaile45b.html]
[n.phpx.cn/player_detail00b2.html]
[n.phpx.cn/player_detail190a.html]
[n.phpx.cn/player_detail7034.html]
[n.phpx.cn/player_detail35b7.html]
[n.phpx.cn/player_detailaefc.html]
[n.phpx.cn/player_detail4d35.html]
[n.phpx.cn/player_detail9748.html]
[n.phpx.cn/player_detail0ca5.html]
[n.phpx.cn/player_detail1696.html]
[n.phpx.cn/player_detail7c59.html]
[n.phpx.cn/player_detail5869.html]
[n.phpx.cn/player_detail0036.html]
[n.phpx.cn/player_detail7738.html]
[n.phpx.cn/player_detail1b75.html]
[n.phpx.cn/player_detail4c30.html]
[n.phpx.cn/player_detailbf68.html]
[n.phpx.cn/player_detailbccb.html]
[n.phpx.cn/player_detail7237.html]
[n.phpx.cn/player_detail29c9.html]
[n.phpx.cn/player_detail740d.html]
[n.phpx.cn/player_detaildaf9.html]
[n.phpx.cn/player_detaila131.html]
[n.phpx.cn/player_detail5e3d.html]
[n.phpx.cn/player_detail16e3.html]
[n.phpx.cn/player_detail46c7.html]
[n.phpx.cn/player_detailc9c3.html]
[n.phpx.cn/player_detaild717.html]
[n.phpx.cn/player_detail833a.html]
[n.phpx.cn/player_detail25b0.html]
[n.phpx.cn/player_detail133f.html]
[n.phpx.cn/player_detail11cc.html]
[n.phpx.cn/player_detail2c5f.html]
[n.phpx.cn/player_detaila79f.html]
[n.phpx.cn/player_detail35b4.html]
[n.phpx.cn/player_detail4676.html]
[n.phpx.cn/player_detail338c.html]
[n.phpx.cn/player_detail8f8f.html]
[n.phpx.cn/player_detail8044.html]
[n.phpx.cn/player_detaildf84.html]
[n.phpx.cn/player_detailf18a.html]
[n.phpx.cn/player_detaile546.html]
[n.phpx.cn/player_detail5114.html]
[n.phpx.cn/player_detail4387.html]
[n.phpx.cn/player_detail009b.html]
[n.phpx.cn/player_detail60a1.html]
[n.phpx.cn/player_detaild343.html]
[n.phpx.cn/player_detail74be.html]
[n.phpx.cn/player_detail2c07.html]
[n.phpx.cn/player_detailea94.html]
[n.phpx.cn/player_detaile426.html]
[n.phpx.cn/player_detail7408.html]
[n.phpx.cn/player_detail2f85.html]
[n.phpx.cn/player_detail1993.html]
[n.phpx.cn/player_detaildb22.html]
[n.phpx.cn/player_detaile44c.html]
[n.phpx.cn/player_detail06c2.html]
[n.phpx.cn/player_detail8e6a.html]
[n.phpx.cn/player_detail7466.html]
[n.phpx.cn/player_detaild481.html]
[n.phpx.cn/player_detaile442.html]
[n.phpx.cn/player_detailcd30.html]
[n.phpx.cn/player_detailbbe9.html]
[n.phpx.cn/player_detailfc2f.html]
[n.phpx.cn/player_detail49ce.html]
[n.phpx.cn/player_detail0a9c.html]
[n.phpx.cn/player_detaild3db.html]
[n.phpx.cn/player_detail91f4.html]
[n.phpx.cn/player_detail81e6.html]
[n.phpx.cn/player_detail3fed.html]
[n.phpx.cn/player_detail9609.html]
[n.phpx.cn/player_detail994b.html]
[n.phpx.cn/player_detail0a72.html]
[n.phpx.cn/player_detail1bdb.html]
[n.phpx.cn/index-2.html]
[n.phpx.cn/images/logo.png]
[n.phpx.cn/blacklist.html]
[n.phpx.cn/shop.html]
[n.phpx.cn/backstab/index.html]
[n.phpx.cn/videos/view2580.html]
[n.phpx.cn/videos/indexfd57.html]
[n.phpx.cn/videos/indexc84d.html]
[n.phpx.cn/videos/index5fdb.html]
[n.phpx.cn/uploads/thumbnails/video_67d1a7cc352a7_1741793228_cover.jpg]
[n.phpx.cn/videos/view1e35.html]
[n.phpx.cn/videos/viewcdef.html]
[n.phpx.cn/videos/view4411.html]
[n.phpx.cn/uploads/thumbnails/video_67d18f931f054_1741787027_cover.jpg]
[n.phpx.cn/uploads/thumbnails/video_67d190f10e64f_1741787377_cover.jpg]
[n.phpx.cn/videos/view40ac.html]
[n.phpx.cn/videos/view6258.html]
[n.phpx.cn/uploads/thumbnails/video_67d040f650f64_1741701366_cover.jpg]
[n.phpx.cn/uploads/thumbnails/video_67d02597eeba3_1741694359_cover.jpg]
[n.phpx.cn/videos/viewe5cc.html]
[n.phpx.cn/uploads/thumbnails/video_67d00c6825392_1741687912_cover.jpg]
[n.phpx.cn/videos/viewa9bc.html]
[n.phpx.cn/uploads/thumbnails/video_67cff562031b5_1741682018_cover.jpg]
[n.phpx.cn/uploads/thumbnails/video_67cff82e6d514_1741682734_cover.jpg]
[n.phpx.cn/videos/index.html]
[n.phpx.cn/login9887.html]
[n.phpx.cn/backstab/index-2.html]
[n.phpx.cn/backstab/nominations.html]
[n.phpx.cn/backstab/index.html]
[n.phpx.cn/css/common.css]
[n.phpx.cn/css/style.html]
[n.phpx.cn/videos/indexc84d.html]
[n.phpx.cn/videos/indexfd57.html]
[n.phpx.cn/videos/index5fdb.html]
[n.phpx.cn/backstab/like.json]
[n.phpx.cn/uploads/videos/video_67d1a7cc352a7_1741793228.mp4]
[n.phpx.cn/videos/index-2.html]
[n.phpx.cn/videos/view2580.html]
[n.phpx.cn/loginef58.html]
[n.phpx.cn/uploads/videos/video_67d190f10e64f_1741787377.mp4]
[n.phpx.cn/videos/view1e35.html]
[n.phpx.cn/loginae9b.html]
[n.phpx.cn/uploads/videos/video_67d18f931f054_1741787027.mp4]
[n.phpx.cn/loginc827.html]
[n.phpx.cn/videos/viewcdef.html]
[n.phpx.cn/uploads/videos/video_67d040f650f64_1741701366.mp4]
[n.phpx.cn/login98f3.html]
[n.phpx.cn/videos/view4411.html]
[n.phpx.cn/uploads/videos/video_67d02597eeba3_1741694359.mp4]
[n.phpx.cn/login2e8c.html]
[n.phpx.cn/videos/view40ac.html]
[n.phpx.cn/uploads/videos/video_67d00c6825392_1741687912.mp4]
[n.phpx.cn/videos/view6258.html]
[n.phpx.cn/login1c57.html]
[n.phpx.cn/uploads/videos/video_67cff82e6d514_1741682734.mp4]
[n.phpx.cn/videos/viewe5cc.html]
[n.phpx.cn/login9262.html]
[n.phpx.cn/uploads/videos/video_67cff562031b5_1741682018.mp4]
[n.phpx.cn/login85af.html]
[n.phpx.cn/videos/viewa9bc.html]
[n.phpx.cn/login9887.html]
[n.phpx.cn/backstab/index-2.html]
[n.phpx.cn/backstab/support.json]
[n.phpx.cn/backstab/nominations.html]
[n.phpx.cn/backstab/nominate.json]
[n.phpx.cn/videos/indexc84d-2.html]
[n.phpx.cn/videos/indexfd57-2.html]
[n.phpx.cn/videos/index-2.html]
[n.phpx.cn/loginef58.html]
[n.phpx.cn/loginae9b.html]
[n.phpx.cn/loginc827.html]
[n.phpx.cn/videos/index5fdb-2.html]
[n.phpx.cn/login98f3.html]
[n.phpx.cn/login2e8c.html]
[n.phpx.cn/login1c57.html]
[n.phpx.cn/login9262.html]
[n.phpx.cn/login85af.html]
[n.phpx.cn/backstab/login.html]
[n.phpx.cn/videos/indexc84d-2.html]
[n.phpx.cn/videos/indexfd57-2.html]
[n.phpx.cn/videos/index5fdb-2.html]
